114514 57257 171772 85886 42943 128830 64415 193246 96623 289870 144935 434806 217403 652210 326105 978316 489158 244579 733738 366869 1100608 550304 275152 137576 68788 34394 17197 51592 25796 12898 6449 19348 9674 4837 14512 7256 3628 1814 907 2722 1361 4084 2042 1021 3064 1532 766 383 1150 575 1726 863 2590 1295 3886 1943 5830 2915 8746 4373 13120 6560 3280 1640 820 410 205 616 308 154 77 232 116 58 29 88 44 22 11 34 17 52 26 13 40 20 10 5 16 8 4 2 1 
