255 766 383 1150 575 1726 863 2590 1295 3886 1943 5830 2915 8746 4373 13120 6560 3280 1640 820 410 205 616 308 154 77 232 116 58 29 88 44 22 11 34 17 52 26 13 40 20 10 5 16 8 4 2 1 
